// Jest Snapshot v1, https://goo.gl/fbAQLP

exports[`Blog (Snapshot) Blog component renders Blog 1`] = `
<div>
  <h2>
    Blog
  </h2>
  <p>
    A very simple blog demo that displays blog entries from the Redux store. Includes form (React Final Form) to add new entries.
  </p>
  <p
    className="bold"
  >
    Blog Entries
  </p>
  <ul>
    <li
      key="1560427200"
    >
      Hello world! This is my first blog entry.
    </li>
    <li
      key="1560513600"
    >
      This is my second blog entry.
    </li>
  </ul>
  <EntryForm
    onSubmit={[Function]}
  />
</div>
`;
