// Jest Snapshot v1, https://goo.gl/fbAQLP

exports[`Header (Snapshot) Header component renders header nav 1`] = `
<header>
  <div
    activeKey="/home"
    className="justify-content-center nav"
  >
    <div
      className="nav-item"
    >
      <a
        aria-current="page"
        className="nav-link active"
        href="/"
        onClick={[Function]}
        style={Object {}}
      >
        Home
      </a>
    </div>
    <div
      className="nav-item"
    >
      <a
        aria-current={null}
        className="nav-link"
        href="/events"
        onClick={[Function]}
      >
        Events
      </a>
    </div>
    <div
      className="nav-item"
    >
      <a
        aria-current={null}
        className="nav-link"
        href="/blog"
        onClick={[Function]}
      >
        Blog
      </a>
    </div>
  </div>
</header>
`;
